[36mvite v7.3.1 [32mbuilding client environment for production...[36m[39m
transforming...
[32mΓ£ô[39m 4 modules transformed.
npx : [31mΓ£ù[39m Build failed in 79ms
At line:1 char:1
+ npx vite build > build_output.txt 2>&1
+ ~~~~~~~~~~~~~~~~~~~~~~~~~~~~~~~~~~~~~~
    + CategoryInfo          : NotSpecified: ([31 
   mΓ£ù[39m Build failed in 79ms:String) [], Re  
  moteException
    + FullyQualifiedErrorId : NativeCommandError
 
[31merror during build:
[31m[vite]: Rollup failed to resolve import 
"react-router-dom" from "D:/intelliops/frontend/on
-track-admissions/src/App.jsx".
This is most likely unintended because it can 
break your application at runtime.
If you do want to externalize this module 
explicitly add it to
`build.rollupOptions.external`[31m
    at viteLog (file:///D:/intelliops/frontend/on-
track-admissions/node_modules/vite/dist/node/chunk
s/config.js:33635:57)
    at file:///D:/intelliops/frontend/on-track-adm
issions/node_modules/vite/dist/node/chunks/config.
js:33669:73
    at onwarn (file:///D:/intelliops/frontend/on-t
rack-admissions/node_modules/@vitejs/plugin-react/
dist/index.js:76:7)
    at file:///D:/intelliops/frontend/on-track-adm
issions/node_modules/vite/dist/node/chunks/config.
js:33669:28
    at onRollupLog (file:///D:/intelliops/frontend
/on-track-admissions/node_modules/vite/dist/node/c
hunks/config.js:33664:63)
    at onLog (file:///D:/intelliops/frontend/on-tr
ack-admissions/node_modules/vite/dist/node/chunks/
config.js:33467:4)
    at file:///D:/intelliops/frontend/on-track-adm
issions/node_modules/rollup/dist/es/shared/node-en
try.js:20981:32
    at Object.logger [as onLog] (file:///D:/intell
iops/frontend/on-track-admissions/node_modules/rol
lup/dist/es/shared/node-entry.js:22968:9)
    at ModuleLoader.handleInvalidResolvedId (file:
///D:/intelliops/frontend/on-track-admissions/node
_modules/rollup/dist/es/shared/node-entry.js:21712
:26)
    at file:///D:/intelliops/frontend/on-track-adm
issions/node_modules/rollup/dist/es/shared/node-en
try.js:21670:26[39m
